// Jest Snapshot v1, https://goo.gl/fbAQLP

exports[`renders homepage unchanged 1`] = `
<div>
  <div>
    <section
      class="headingMd"
    >
      <p>
        index.header
      </p>
    </section>
    <section
      class="headingMd padding1px"
    >
      <ul
        class="list"
      >
        <div>
          <h1>
            index.availableItems
          </h1>
          <div
            class="gallery"
          />
        </div>
      </ul>
    </section>
    <section
      class="headingMd padding1px"
    >
      <h2
        class="headingLg"
      >
        index.availableCommunities
      </h2>
      <ul
        class="list"
      />
    </section>
  </div>
</div>
`;
